################################################################################
#                                                                              #
#      IAR Universal Linker V5.4.1.30                                          #
#                                                                              #
#           Link time     =  24/Jun/2015  18:23:15                             #
#           Target CPU    =  x51                                               #
#           List file     =  "C:\Texas Instruments\BLE-CC254x-1.4.0\Projects\b #
#                            le\util\UBL\soc_8051\usb_msd\iar\CC2540-DK\List\U #
#                            BL.map"                                           #
#           Output file 1 =  "C:\Texas Instruments\BLE-CC254x-1.4.0\Projects\b #
#                            le\util\UBL\soc_8051\usb_msd\iar\CC2540-DK\Exe\ub #
#                            l_usb_msd_8051-DK.hex"                            #
#                            Format: intel-extended                            #
#           Output file 2 =  "C:\Texas Instruments\BLE-CC254x-1.4.0\Projects\b #
#                            le\util\UBL\soc_8051\usb_msd\iar\CC2540-DK\Exe\UB #
#                            L.d51"                                            #
#                            Format: debug                                     #
#                            UBROF version 10.0.6                              #
#                            Using library modules for C-SPY (-rt)             #
#           Command line  =  -a -D_NR_OF_BANKS=0x07 -D_CODEBANK_END=0xFFFF     #
#                            -D_CODEBANK_START=0x8000 -D?CBANK_MASK=0xFF       #
#                            -D?CBANK=0x9F                                     #
#                            "-IC:\Program Files (x86)\IAR Systems\Embedded Wo #
#                            rkbench 6.4\8051\CONFIG\"                         #
#                            "C:\Texas Instruments\BLE-CC254x-1.4.0\Projects\b #
#                            le\util\UBL\soc_8051\usb_msd\hal\usb\class_msd\us #
#                            b_msd_8051.lib"                                   #
#                            "C:\Texas Instruments\BLE-CC254x-1.4.0\Projects\b #
#                            le\util\UBL\soc_8051\usb_msd\iar\CC2540-DK\Obj\ha #
#                            l_flash.r51"                                      #
#                            "C:\Texas Instruments\BLE-CC254x-1.4.0\Projects\b #
#                            le\util\UBL\soc_8051\usb_msd\iar\CC2540-DK\Obj\ub #
#                            l_exec.r51"                                       #
#                            "C:\Texas Instruments\BLE-CC254x-1.4.0\Projects\b #
#                            le\util\UBL\soc_8051\usb_msd\iar\CC2540-DK\Obj\ub #
#                            l_ivec.r51"                                       #
#                            "C:\Texas Instruments\BLE-CC254x-1.4.0\Projects\b #
#                            le\util\UBL\soc_8051\usb_msd\iar\CC2540-DK\Obj\ub #
#                            l_main.r51"                                       #
#                            "C:\Texas Instruments\BLE-CC254x-1.4.0\Projects\b #
#                            le\util\UBL\soc_8051\usb_msd\iar\CC2540-DK\Obj\us #
#                            b_descriptor_parser.r51"                          #
#                            "C:\Texas Instruments\BLE-CC254x-1.4.0\Projects\b #
#                            le\util\UBL\soc_8051\usb_msd\iar\CC2540-DK\Obj\us #
#                            b_framework.r51"                                  #
#                            "C:\Texas Instruments\BLE-CC254x-1.4.0\Projects\b #
#                            le\util\UBL\soc_8051\usb_msd\iar\CC2540-DK\Obj\us #
#                            b_interrupt.r51"                                  #
#                            "C:\Texas Instruments\BLE-CC254x-1.4.0\Projects\b #
#                            le\util\UBL\soc_8051\usb_msd\iar\CC2540-DK\Obj\us #
#                            b_standard_requests.r51"                          #
#                            "C:\Texas Instruments\BLE-CC254x-1.4.0\Projects\b #
#                            le\util\UBL\soc_8051\usb_msd\iar\CC2540-DK\Obj\us #
#                            b_suspend.r51"                                    #
#                            -o                                                #
#                            "C:\Texas Instruments\BLE-CC254x-1.4.0\Projects\b #
#                            le\util\UBL\soc_8051\usb_msd\iar\CC2540-DK\Exe\UB #
#                            L.d51"                                            #
#                            -l                                                #
#                            "C:\Texas Instruments\BLE-CC254x-1.4.0\Projects\b #
#                            le\util\UBL\soc_8051\usb_msd\iar\CC2540-DK\List\U #
#                            BL.map"                                           #
#                            -xmsn                                             #
#                            "-IC:\Texas Instruments\BLE-CC254x-1.4.0\Projects #
#                            \ble\util\UBL\soc_8051\usb_msd\iar\"              #
#                            -f ubl.xcl (-D_XDATA_BEG=0x0000                   #
#                            -D_XDATA_END=0x1EFF -D_IDATA_END=0xFF             #
#                            -D_IVEC_BEG=0x0000 -D_IVEC_END=0x07FF             #
#                            -D_BANK7_BEG=0x7C000 -D_BANK7_END=0x7E7FF         #
#                            -D?REGISTER_BANK=0 -D_REGISTER_BANK_BEG=0         #
#                            -D?PBANK_NUMBER=00 -D_BREG_BEG=0x00 -D?VB=0x20    #
#                            -Z(BIT)BREG=_BREG_BEG -Z(BIT)BIT_N=0-7F           #
#                            -Z(DATA)REGISTERS+8=_REGISTER_BANK_BEG            #
#                            -Z(DATA)BDATA_Z,BDATA_N,BDATA_I=20-2F             #
#                            -Z(DATA)VREG+_NR_OF_VIRTUAL_REGISTERS=08-7F       #
#                            -Z(DATA)PSP,XSP=08-7F -Z(DATA)DOVERLAY=08-7F      #
#                            -Z(DATA)DATA_I,DATA_Z,DATA_N=08-7F                #
#                            -U(IDATA)0-7F=(DATA)0-7F                          #
#                            -Z(IDATA)IDATA_I,IDATA_Z,IDATA_N=08-_IDATA_END    #
#                            -Z(IDATA)ISTACK+_IDATA_STACK_SIZE#08-_IDATA_END   #
#                            -Z(IDATA)IOVERLAY=08-FF                           #
#                            -Z(CODE)INTVEC=_IVEC_BEG                          #
#                            -Z(CODE)BIT_ID,BDATA_ID,DATA_ID,IDATA_ID,IXDATA_I #
#                            D,PDATA_ID,XDATA_ID=_IVEC_BEG-_IVEC_END           #
#                            -P(CODE)CSTART,RCODE,DIFUNCT,NEAR_CODE=_IVEC_BEG- #
#                            _IVEC_END                                         #
#                            -P(CODE)BANK_RELAYS=_IVEC_BEG-_IVEC_END           #
#                            -P(CODE)CODE_C=_BANK7_BEG-_BANK7_END              #
#                            -P(CONST)XDATA_ROM_C=0xC000-0xE7FF                #
#                            -P(CODE)XDATA_ROM_C_FLASH=_BANK7_BEG-_BANK7_END   #
#                            -QXDATA_ROM_C=XDATA_ROM_C_FLASH                   #
#                            -P(CODE)BANKED_CODE=_IVEC_BEG-_IVEC_END,_BANK7_BE #
#                            G-_BANK7_END                                      #
#                            -Z(XDATA)XSTACK+_XDATA_STACK_SIZE=_XDATA_BEG-_XDA #
#                            TA_END                                            #
#                            -Z(XDATA)XDATA_Z,XDATA_I,PDATA_Z=_XDATA_BEG-_XDAT #
#                            A_END                                             #
#                            -P(XDATA)XDATA_N=_XDATA_BEG-_XDATA_END -cx51      #
#                            -D_FIRST_BANK_ADDR=0x10000                        #
#                            -M(CODE)[(_CODEBANK_START+_FIRST_BANK_ADDR)-(_COD #
#                            EBANK_END+_FIRST_BANK_ADDR)]*_NR_OF_BANKS+_FIRST_ #
#                            BANK_ADDR=0x8000                                  #
#                            -ww69=i -HFFFF) -D_NR_OF_VIRTUAL_REGISTERS=10     #
#                            -D?PBANK=0x93 -e?BCALL_FF=?BCALL                  #
#                            -e?BRET_FF=?BRET -e?BDISPATCH_FF=?BDISPATCH       #
#                            -e_small_write=_formatted_write                   #
#                            -e_medium_read=_formatted_read -we24=i -rt        #
#                            "-Ointel-extended=C:\Texas Instruments\BLE-CC254x #
#                            -1.4.0\Projects\ble\util\UBL\soc_8051\usb_msd\iar #
#                            \CC2540-DK\Exe\ubl_usb_msd_8051-DK.hex"           #
#                            -s __program_start                                #
#                            "C:\Program Files (x86)\IAR Systems\Embedded Work #
#                            bench 6.4\8051\LIB\CLIB\cl-pli-blxd-1e16x01.r51"  #
#                            -D_IDATA_STACK_SIZE=0xC0                          #
#                            -D_EXTENDED_STACK_START=0x00                      #
#                            -D_EXTENDED_STACK_SIZE=0x00                       #
#                            -D_PDATA_STACK_SIZE=0x0                           #
#                            -D_XDATA_STACK_SIZE=0x300                         #
#                            -D_XDATA_HEAP_SIZE=0x00 -D_FAR_HEAP_SIZE=0x000    #
#                            -D_HUGE_HEAP_SIZE=0x000                           #
#                            -D_FAR22_HEAP_SIZE=0xFFF                          #
#                                                                              #
#                           Copyright (C) 1987-2012 IAR Systems AB.            #
################################################################################





                ****************************************
                *                                      *
                *           CROSS REFERENCE            *
                *                                      *
                ****************************************

       Program entry at : CODE      00000529  Relocatable, from module : CSTARTUP




                ****************************************
                *                                      *
                *            RUNTIME MODEL             *
                *                                      *
                ****************************************

  __SystemLibrary          = CLib
  __calling_convention     = xdata_reentrant
  __code_model             = banked
  __core                   = plain
  __data_model             = large
  __dptr_size              = 16
  __extended_stack         = disabled
  __location_for_constants = data
  __number_of_dptrs        = 1
  __rt_version             = 1

                ****************************************
                *                                      *
                *    AUTOMATIC SYMBOL REDIRECTIONS     *
                *                                      *
                ****************************************

                  There are no automatic symbol redirections.



                ****************************************
                *                                      *
                *              MODULE MAP              *
                *                                      *
                ****************************************


  DEFINED ABSOLUTE ENTRIES
  PROGRAM MODULE, NAME : ?ABS_ENTRY_MOD

Absolute parts
           ENTRY                   ADDRESS         REF BY
           =====                   =======         ======
           _FAR22_HEAP_SIZE        00000FFF 
           _HUGE_HEAP_SIZE         00000000 
           _FAR_HEAP_SIZE          00000000 
           _XDATA_HEAP_SIZE        00000000 
           _XDATA_STACK_SIZE       00000300 
           _PDATA_STACK_SIZE       00000000 
           _EXTENDED_STACK_SIZE    00000000 
           _EXTENDED_STACK_START   00000000 
           _IDATA_STACK_SIZE       000000C0 
           ?PBANK                  00000093 
           _NR_OF_VIRTUAL_REGISTERS
                                   00000010 
           _FIRST_BANK_ADDR        00010000 
           ?VB                     00000020        ?BANKED_ENTER_XDATA (?BANKED_ENTER_XDATA)
                                                   ?BANKED_LEAVE_XDATA (?BANKED_LEAVE_XDATA)
                                                   ?FUNC_ENTER_XDATA (?FUNC_ENTER_XDATA)
                                                   ?FUNC_LEAVE_XDATA (?FUNC_LEAVE_XDATA)
           _BREG_BEG               00000000 
           ?PBANK_NUMBER           00000000 
           _REGISTER_BANK_BEG      00000000 
           ?REGISTER_BANK          00000000        Segment part 6 (CSTARTUP)
           _BANK7_END              0003E7FF 
           _BANK7_BEG              0003C000 
           _IVEC_END               000007FF 
           _IVEC_BEG               00000000 
           _IDATA_END              000000FF 
           _XDATA_END              00001EFF 
           _XDATA_BEG              00000000 
           ?CBANK                  0000009F        ?RESET_CODE_BANK (CSTARTUP)
                                                   Segment part 0 (?BANKED_CODE_SUPPORT)
           ?CBANK_MASK             000000FF 
           _CODEBANK_START         00008000 
           _CODEBANK_END           0000FFFF 
           _NR_OF_BANKS            00000007 
    *************************************************************************

  FILE NAME : C:\Texas Instruments\BLE-CC254x-1.4.0\Projects\ble\util\UBL\soc_8051\usb_msd\hal\usb\class_msd\usb_msd_8051.lib
  LIBRARY MODULE, NAME : usb_firmware_library_config

  SEGMENTS IN THE MODULE
  ======================
SFR_AN
  Relative segment, address: DATA 00000090 - 00000090 (0x1 bytes), align: 0
  Segment part 1. ROOT.       Intra module refs:   fakeOpExec
                                                   usb_msd_init
                                                   usb_msd_uninit
           ENTRY                   ADDRESS         REF BY
           =====                   =======         ======
           _A_P1                   00000090 
    -------------------------------------------------------------------------
SFR_AN
  Relative segment, address: DATA 000000AC - 000000AC (0x1 bytes), align: 0
  Segment part 4. ROOT.       Intra module refs:   usb_msd_uninit
           ENTRY                   ADDRESS         REF BY
           =====                   =======         ======
           P2IEN                   000000AC 
    -------------------------------------------------------------------------
SFR_AN
  Relative segment, address: DATA 000000D2 - 000000D2 (0x1 bytes), align: 0
  Segment part 7. ROOT.       Intra module refs:   initDMA
           ENTRY                   ADDRESS         REF BY
           =====                   =======         ======
           DMA1CFGL                000000D2 
    -------------------------------------------------------------------------
SFR_AN
  Relative segment, address: DATA 000000D3 - 000000D3 (0x1 bytes), align: 0
  Segment part 8. ROOT.       Intra module refs:   initDMA
           ENTRY                   ADDRESS         REF BY
           =====                   =======         ======
           DMA1CFGH                000000D3 
    -------------------------------------------------------------------------
SFR_AN
  Relative segment, address: DATA 000000D7 - 000000D7 (0x1 bytes), align: 0
  Segment part 10. ROOT.      Intra module refs:   execCBW
                                                   fillPgBuf
                                                   rxOutEP
           ENTRY                   ADDRESS         REF BY
           =====                   =======         ======
           DMAREQ                  000000D7 
    -------------------------------------------------------------------------
SFR_AN
  Relative segment, address: DATA 000000F4 - 000000F4 (0x1 bytes), align: 0
  Segment part 12. ROOT.      Intra module refs:   fakeOpExec
                                                   usb_msd_init
                                                   usb_msd_uninit
           ENTRY                   ADDRESS         REF BY
           =====                   =======         ======
           P1SEL                   000000F4 
    -------------------------------------------------------------------------
SFR_AN
  Relative segment, address: DATA 000000FE - 000000FE (0x1 bytes), align: 0
  Segment part 13. ROOT.      Intra module refs:   fakeOpExec
                                                   usb_msd_init
                                                   usb_msd_uninit
           ENTRY                   ADDRESS         REF BY
           =====                   =======         ======
           P1DIR                   000000FE 
    -------------------------------------------------------------------------
XDATA_I
  Relative segment, address: XDATA 00000329 - 00000334 (0xc bytes), align: 0
  Segment part 25.
           ENTRY                   ADDRESS         REF BY
           =====                   =======         ======
           usbDescriptorMarker     00000329        ?Subroutine10 (ubl_exec)
                                                   ConfigureEndpoints (ubl_exec)
                                                   usbdpFindNext (ubl_exec)
                                                   usbsrGetDescriptor (ubl_exec)
    -------------------------------------------------------------------------
<XDATA_ROM_C> 1 (was XDATA_ROM_C)
  Relative segment, address: CONST 0000C118 - 0000C11B (0x4 bytes), align: 0
  Segment part 27.            Intra module refs:   pollOutEP
    -------------------------------------------------------------------------
<XDATA_ROM_C> 1 (was XDATA_ROM_C)
  Relative segment, address: CONST 0000C114 - 0000C117 (0x4 bytes), align: 0
  Segment part 28.            Intra module refs:   usb_msd_init
    -------------------------------------------------------------------------
<XDATA_ROM_C> 1 (was XDATA_ROM_C)
  Relative segment, address: CONST 0000C048 - 0000C06B (0x24 bytes), align: 0
  Segment part 29.            Intra module refs:   execCBWCB
    -------------------------------------------------------------------------
XDATA_I
  Relative segment, address: XDATA 00000335 - 00000372 (0x3e bytes), align: 0
  Segment part 30.            Intra module refs:   fakePgBuf
                                                   usb_msd_init
    -------------------------------------------------------------------------
<XDATA_ROM_C> 1 (was XDATA_ROM_C)
  Relative segment, address: CONST 0000C0AC - 0000C0CB (0x20 bytes), align: 0
  Segment part 32.            Intra module refs:   fakeOpPrep
    -------------------------------------------------------------------------
<XDATA_ROM_C> 1 (was XDATA_ROM_C)
  Relative segment, address: CONST 0000C06C - 0000C08B (0x20 bytes), align: 0
  Segment part 33.            Intra module refs:   Segment part 77
    -------------------------------------------------------------------------
<XDATA_N> 1 (was XDATA_N)
  Relative segment, address: XDATA 00001560 - 00001573 (0x14 bytes), align: 0
  Segment part 34.            Intra module refs:   Segment part 116
                                                   Segment part 117
                                                   execCBW
                                                   execCBWCB
    -------------------------------------------------------------------------
<XDATA_N> 1 (was XDATA_N)
  Relative segment, address: XDATA 00001541 - 0000155F (0x1f bytes), align: 0
  Segment part 35.            Intra module refs:   Segment part 64
                                                   execCBW
                                                   execCBWCB
                                                   pollOutEP
                                                   sbcCmdReadWrite10
    -------------------------------------------------------------------------
<XDATA_N> 1 (was XDATA_N)
  Relative segment, address: XDATA 00001574 - 00001580 (0xd bytes), align: 0
  Segment part 36.            Intra module refs:   execCBW
                                                   execCBWCB
                                                   sbcCmdReadWrite10
                                                   usb_msd_init
                                                   usb_msd_poll
    -------------------------------------------------------------------------
<XDATA_N> 1 (was XDATA_N)
  Relative segment, address: XDATA 0000158D - 00001590 (0x4 bytes), align: 0
  Segment part 37.            Intra module refs:   execCBW
                                                   sbcCmdReadWrite10
    -------------------------------------------------------------------------
<XDATA_N> 1 (was XDATA_N)
  Relative segment, address: XDATA 00001597 - 00001598 (0x2 bytes), align: 0
  Segment part 38.            Intra module refs:   Segment part 111
                                                   Segment part 112
                                                   sbcCmdReadWrite10
    -------------------------------------------------------------------------
<XDATA_N> 1 (was XDATA_N)
  Relative segment, address: XDATA 0000159B - 0000159B (0x1 bytes), align: 0
  Segment part 39.            Intra module refs:   execCBW
                                                   rxOutEP
                                                   sbcCmdReadWrite10
    -------------------------------------------------------------------------
<XDATA_N> 1 (was XDATA_N)
  Relative segment, address: XDATA 0000159C - 0000159C (0x1 bytes), align: 0
  Segment part 40.            Intra module refs:   Segment part 108
                                                   execCBW
                                                   fakeOpPrep
                                                   rxOutEP
                                                   sbcCmdReadWrite10
    -------------------------------------------------------------------------
<XDATA_N> 1 (was XDATA_N)
  Relative segment, address: XDATA 0000159E - 0000159E (0x1 bytes), align: 0
  Segment part 41.            Intra module refs:   Segment part 109
                                                   Segment part 110
                                                   execCBW
                                                   fakePgBuf
                                                   fillPgBuf
                                                   rxOutEP
                                                   sbcCmdReadWrite10
    -------------------------------------------------------------------------
<XDATA_N> 1 (was XDATA_N)
  Relative segment, address: XDATA 0000039D - 00000B9C (0x800 bytes), align: 0
  Segment part 42.            Intra module refs:   initDMA
                                                   rxOutEP
    -------------------------------------------------------------------------
<XDATA_N> 1 (was XDATA_N)
  Relative segment, address: XDATA 00001521 - 00001540 (0x20 bytes), align: 0
  Segment part 43.            Intra module refs:   Segment part 78
                                                   fakeOpExec
                                                   fakeOpPrep
                                                   fakePgBuf
    -------------------------------------------------------------------------
<XDATA_N> 1 (was XDATA_N)
  Relative segment, address: XDATA 0000139D - 0000149C (0x100 bytes), align: 0
  Segment part 44.            Intra module refs:   Segment part 92
                                                   fakeOpExec
                                                   fakeOpPrep
                                                   fakePgBuf
                                                   fillPgBuf
                                                   usb_msd_init
    -------------------------------------------------------------------------
XDATA_Z
  Relative segment, address: XDATA 00000300 - 00000300 (0x1 bytes), align: 0
  Segment part 45.            Intra module refs:   execCBWCB
                                                   usb_msd_poll
    -------------------------------------------------------------------------
XDATA_Z
  Relative segment, address: XDATA 00000301 - 00000301 (0x1 bytes), align: 0
  Segment part 46.            Intra module refs:   execCBW
                                                   rxOutEP
                                                   usb_msd_poll
    -------------------------------------------------------------------------
XDATA_Z
  Relative segment, address: XDATA 00000302 - 00000302 (0x1 bytes), align: 0
  Segment part 47.            Intra module refs:   execCBWCB
                                                   fakeOpPrep
    -------------------------------------------------------------------------
XDATA_Z
  Relative segment, address: XDATA 00000303 - 00000303 (0x1 bytes), align: 0
  Segment part 48.            Intra module refs:   fakeOpExec
                                                   fakeOpPrep
                                                   rxOutEP
    -------------------------------------------------------------------------
<XDATA_N> 1 (was XDATA_N)
  Relative segment, address: XDATA 00001599 - 0000159A (0x2 bytes), align: 0
  Segment part 49.            Intra module refs:   execCBWCB
                                                   fakePgBuf
                                                   sbcCmdReadWrite10
                                                   usb_msd_init
    -------------------------------------------------------------------------
<XDATA_N> 1 (was XDATA_N)
  Relative segment, address: XDATA 00001501 - 00001520 (0x20 bytes), align: 0
  Segment part 50.            Intra module refs:   execCBW
                                                   fillPgBuf
                                                   initDMA
                                                   rxOutEP
           ENTRY                   ADDRESS         REF BY
           =====                   =======         ======
           dmaCh1234               00001501 
    -------------------------------------------------------------------------
<BANKED_CODE,XDATA_ROM_C_FLASH> 1 (was BANKED_CODE)
  Relative segment, address: CODE 0003D3AB - 0003D448 (0x9e bytes), align: 0
  Segment part 53.            Intra module refs:   usb_msd_init::?relay
           ENTRY                   ADDRESS         REF BY
           =====                   =======         ======
           usb_msd_init            0003D3AB 
               calls direct
               XSTACK = 00000000 ( 0000000C )
    -------------------------------------------------------------------------
<BANKED_CODE,XDATA_ROM_C_FLASH> 1 (was BANKED_CODE)
  Relative segment, address: CODE 0003D449 - 0003D4D7 (0x8f bytes), align: 0
  Segment part 55.            Intra module refs:   usb_msd_poll::?relay
           ENTRY                   ADDRESS         REF BY
           =====                   =======         ======
           usb_msd_poll            0003D449 
               calls direct
               XSTACK = 00000000 ( 0000000E )
    -------------------------------------------------------------------------
<BANKED_CODE,XDATA_ROM_C_FLASH> 1 (was BANKED_CODE)
  Relative segment, address: CODE 0003D4D8 - 0003D4DC (0x5 bytes), align: 0
  Segment part 57.            Intra module refs:   execCBWCB
                                                   usb_msd_poll
    -------------------------------------------------------------------------
<BANKED_CODE,XDATA_ROM_C_FLASH> 1 (was BANKED_CODE)
  Relative segment, address: CODE 0003D4DD - 0003D4F6 (0x1a bytes), align: 0
  Segment part 58.            Intra module refs:   usb_msd_uninit::?relay
           ENTRY                   ADDRESS         REF BY
           =====                   =======         ======
           usb_msd_uninit          0003D4DD 
               ISTACK = 00000000 ( 00000002 )
    -------------------------------------------------------------------------
<BANKED_CODE,XDATA_ROM_C_FLASH> 1 (was BANKED_CODE)
  Relative segment, address: CODE 0003D4F7 - 0003D5EC (0xf6 bytes), align: 0
  Segment part 60.            Intra module refs:   execCBW::?relay
           LOCAL                   ADDRESS         
           =====                   =======         
           execCBW                 0003D4F7 
               calls direct
               XSTACK = 0000000A ( 0000000C )
    -------------------------------------------------------------------------
<BANKED_CODE,XDATA_ROM_C_FLASH> 1 (was BANKED_CODE)
  Relative segment, address: CODE 0003D5ED - 0003D838 (0x24c bytes), align: 0
  Segment part 62.            Intra module refs:   execCBWCB::?relay
           LOCAL                   ADDRESS         
           =====                   =======         
           execCBWCB               0003D5ED 
               calls direct
               XSTACK = 0000000A ( 00000027 )
               ISTACK = 00000000 ( 00000002 )
    -------------------------------------------------------------------------
<BANKED_CODE,XDATA_ROM_C_FLASH> 1 (was BANKED_CODE)
  Relative segment, address: CODE 0003D839 - 0003D844 (0xc bytes), align: 0
  Segment part 64.            Intra module refs:   execCBWCB
    -------------------------------------------------------------------------
<BANKED_CODE,XDATA_ROM_C_FLASH> 1 (was BANKED_CODE)
  Relative segment, address: CODE 0003D845 - 0003D9D2 (0x18e bytes), align: 0
  Segment part 65.            Intra module refs:   fakePgBuf::?relay
           LOCAL                   ADDRESS         
           =====                   =======         
           fakePgBuf               0003D845 
               calls direct
               XSTACK = 0000000B ( 0000000C )
               ISTACK = 00000000 ( 00000001 )
    -------------------------------------------------------------------------
<BANKED_CODE,XDATA_ROM_C_FLASH> 1 (was BANKED_CODE)
  Relative segment, address: CODE 0003D9D3 - 0003D9DD (0xb bytes), align: 0
  Segment part 67.            Intra module refs:   fakePgBuf
    -------------------------------------------------------------------------
<BANKED_CODE,XDATA_ROM_C_FLASH> 1 (was BANKED_CODE)
  Relative segment, address: CODE 0003D9DE - 0003D9E7 (0xa bytes), align: 0
  Segment part 68.            Intra module refs:   fakePgBuf
    -------------------------------------------------------------------------
<BANKED_CODE,XDATA_ROM_C_FLASH> 1 (was BANKED_CODE)
  Relative segment, address: CODE 0003D9E8 - 0003DAA1 (0xba bytes), align: 0
  Segment part 69.            Intra module refs:   fillPgBuf::?relay
           LOCAL                   ADDRESS         
           =====                   =======         
           fillPgBuf               0003D9E8 
               calls direct
               XSTACK = 0000000E ( 0000000B )
               ISTACK = 00000000 ( 00000001 )
    -------------------------------------------------------------------------
<BANKED_CODE,XDATA_ROM_C_FLASH> 1 (was BANKED_CODE)
  Relative segment, address: CODE 0003DAA2 - 0003DAA9 (0x8 bytes), align: 0
  Segment part 71.            Intra module refs:   fakeOpExec
                                                   usb_msd_init
    -------------------------------------------------------------------------
<BANKED_CODE,XDATA_ROM_C_FLASH> 1 (was BANKED_CODE)
  Relative segment, address: CODE 0003DAAA - 0003DAAE (0x5 bytes), align: 0
  Segment part 72.            Intra module refs:   Segment part 71
                                                   Segment part 76
                                                   execCBW
                                                   fakePgBuf
                                                   pollOutEP
                                                   rxOutEP
    -------------------------------------------------------------------------
<BANKED_CODE,XDATA_ROM_C_FLASH> 1 (was BANKED_CODE)
  Relative segment, address: CODE 0003DAAF - 0003DC42 (0x194 bytes), align: 0
  Segment part 73.            Intra module refs:   fakeOpPrep::?relay
           LOCAL                   ADDRESS         
           =====                   =======         
           fakeOpPrep              0003DAAF 
               calls direct
               XSTACK = 0000000A ( 00000010 )
               ISTACK = 00000000 ( 00000002 )
    -------------------------------------------------------------------------
<BANKED_CODE,XDATA_ROM_C_FLASH> 1 (was BANKED_CODE)
  Relative segment, address: CODE 0003DC43 - 0003DC44 (0x2 bytes), align: 0
  Segment part 75.            Intra module refs:   fakeOpPrep
                                                   sbcCmdReadWrite10
    -------------------------------------------------------------------------
<BANKED_CODE,XDATA_ROM_C_FLASH> 1 (was BANKED_CODE)
  Relative segment, address: CODE 0003DC45 - 0003DC4A (0x6 bytes), align: 0
  Segment part 76.            Intra module refs:   Segment part 75
                                                   fillPgBuf
    -------------------------------------------------------------------------
<BANKED_CODE,XDATA_ROM_C_FLASH> 1 (was BANKED_CODE)
  Relative segment, address: CODE 0003DC4B - 0003DC4E (0x4 bytes), align: 0
  Segment part 77.            Intra module refs:   fakeOpExec
                                                   rxOutEP
                                                   usb_msd_init
    -------------------------------------------------------------------------
<BANKED_CODE,XDATA_ROM_C_FLASH> 1 (was BANKED_CODE)
  Relative segment, address: CODE 0003DC4F - 0003DC52 (0x4 bytes), align: 0
  Segment part 78.            Intra module refs:   Segment part 77
                                                   fakeOpPrep
    -------------------------------------------------------------------------
<BANKED_CODE,XDATA_ROM_C_FLASH> 1 (was BANKED_CODE)
  Relative segment, address: CODE 0003DC53 - 0003DC58 (0x6 bytes), align: 0
  Segment part 79.            Intra module refs:   Segment part 78
                                                   execCBW
                                                   fakeOpPrep
                                                   fakePgBuf
                                                   usb_msd_init
    -------------------------------------------------------------------------
<BANKED_CODE,XDATA_ROM_C_FLASH> 1 (was BANKED_CODE)
  Relative segment, address: CODE 0003DC59 - 0003DC5B (0x3 bytes), align: 0
  Segment part 80.            Intra module refs:   fakeOpPrep
    -------------------------------------------------------------------------
<BANKED_CODE,XDATA_ROM_C_FLASH> 1 (was BANKED_CODE)
  Relative segment, address: CODE 0003DC5C - 0003DC65 (0xa bytes), align: 0
  Segment part 81.            Intra module refs:   Segment part 80
                                                   fakeOpPrep
    -------------------------------------------------------------------------
<BANKED_CODE,XDATA_ROM_C_FLASH> 1 (was BANKED_CODE)
  Relative segment, address: CODE 0003DC66 - 0003DC6C (0x7 bytes), align: 0
  Segment part 82.            Intra module refs:   fakeOpPrep
    -------------------------------------------------------------------------
<BANKED_CODE,XDATA_ROM_C_FLASH> 1 (was BANKED_CODE)
  Relative segment, address: CODE 0003DC6D - 0003DC74 (0x8 bytes), align: 0
  Segment part 83.            Intra module refs:   Segment part 82
                                                   fakeOpPrep
    -------------------------------------------------------------------------
<BANKED_CODE,XDATA_ROM_C_FLASH> 1 (was BANKED_CODE)
  Relative segment, address: CODE 0003DC75 - 0003DC75 (0x1 bytes), align: 0
  Segment part 84.            Intra module refs:   Segment part 83
                                                   fakeOpPrep
    -------------------------------------------------------------------------
<BANKED_CODE,XDATA_ROM_C_FLASH> 1 (was BANKED_CODE)
  Relative segment, address: CODE 0003DC76 - 0003DC7B (0x6 bytes), align: 0
  Segment part 85.            Intra module refs:   Segment part 84
                                                   pollOutEP
                                                   rxOutEP
    -------------------------------------------------------------------------
<BANKED_CODE,XDATA_ROM_C_FLASH> 1 (was BANKED_CODE)
  Relative segment, address: CODE 0003DC7C - 0003DC93 (0x18 bytes), align: 0
  Segment part 86.            Intra module refs:   fakeOpPrep
    -------------------------------------------------------------------------
<BANKED_CODE,XDATA_ROM_C_FLASH> 1 (was BANKED_CODE)
  Relative segment, address: CODE 0003DC94 - 0003DC9C (0x9 bytes), align: 0
  Segment part 87.            Intra module refs:   fakeOpPrep
                                                   fakePgBuf
    -------------------------------------------------------------------------
<BANKED_CODE,XDATA_ROM_C_FLASH> 1 (was BANKED_CODE)
  Relative segment, address: CODE 0003DC9D - 0003DCAA (0xe bytes), align: 0
  Segment part 88.            Intra module refs:   Segment part 87
                                                   usb_msd_init
    -------------------------------------------------------------------------
<BANKED_CODE,XDATA_ROM_C_FLASH> 1 (was BANKED_CODE)
  Relative segment, address: CODE 0003DCAB - 0003DD7A (0xd0 bytes), align: 0
  Segment part 89.            Intra module refs:   fakeOpExec::?relay
           LOCAL                   ADDRESS         
           =====                   =======         
           fakeOpExec              0003DCAB 
               calls direct
               XSTACK = 00000024 ( 0000000C )
    -------------------------------------------------------------------------
<BANKED_CODE,XDATA_ROM_C_FLASH> 1 (was BANKED_CODE)
  Relative segment, address: CODE 0003DD7B - 0003DD83 (0x9 bytes), align: 0
  Segment part 91.            Intra module refs:   fakeOpExec
                                                   usb_msd_uninit
    -------------------------------------------------------------------------
<BANKED_CODE,XDATA_ROM_C_FLASH> 1 (was BANKED_CODE)
  Relative segment, address: CODE 0003DD84 - 0003DD8B (0x8 bytes), align: 0
  Segment part 92.            Intra module refs:   fakeOpExec
                                                   usb_msd_init
    -------------------------------------------------------------------------
<BANKED_CODE,XDATA_ROM_C_FLASH> 1 (was BANKED_CODE)
  Relative segment, address: CODE 0003DD8C - 0003DD91 (0x6 bytes), align: 0
  Segment part 93.            Intra module refs:   Segment part 92
                                                   execCBW
                                                   fakeOpExec
    -------------------------------------------------------------------------
<BANKED_CODE,XDATA_ROM_C_FLASH> 1 (was BANKED_CODE)
  Relative segment, address: CODE 0003DD92 - 0003DDF2 (0x61 bytes), align: 0
  Segment part 94.            Intra module refs:   initDMA::?relay
           LOCAL                   ADDRESS         
           =====                   =======         
           initDMA                 0003DD92 
               XSTACK = 0000000A ( 00000000 )
               ISTACK = 00000000 ( 00000002 )
    -------------------------------------------------------------------------
<BANKED_CODE,XDATA_ROM_C_FLASH> 1 (was BANKED_CODE)
  Relative segment, address: CODE 0003DDF3 - 0003DDFE (0xc bytes), align: 0
  Segment part 96.            Intra module refs:   initDMA
    -------------------------------------------------------------------------
<BANKED_CODE,XDATA_ROM_C_FLASH> 1 (was BANKED_CODE)
  Relative segment, address: CODE 0003DDFF - 0003DE32 (0x34 bytes), align: 0
  Segment part 97.            Intra module refs:   pollDelay::?relay
           LOCAL                   ADDRESS         
           =====                   =======         
           pollDelay               0003DDFF 
               XSTACK = 0000000A ( 00000000 )
    -------------------------------------------------------------------------
<BANKED_CODE,XDATA_ROM_C_FLASH> 1 (was BANKED_CODE)
  Relative segment, address: CODE 0003DE33 - 0003DEA9 (0x77 bytes), align: 0
  Segment part 99.            Intra module refs:   pollOutEP::?relay
           LOCAL                   ADDRESS         
           =====                   =======         
           pollOutEP               0003DE33 
               calls direct
               XSTACK = 0000000B ( 0000000C )
               ISTACK = 00000000 ( 00000001 )
    -------------------------------------------------------------------------
<BANKED_CODE,XDATA_ROM_C_FLASH> 1 (was BANKED_CODE)
  Relative segment, address: CODE 0003DEAA - 0003E044 (0x19b bytes), align: 0
  Segment part 101.           Intra module refs:   rxOutEP::?relay
           LOCAL                   ADDRESS         
           =====                   =======         
           rxOutEP                 0003DEAA 
               calls direct
               XSTACK = 0000000A ( 0000000C )
               ISTACK = 00000000 ( 00000001 )
    -------------------------------------------------------------------------
<BANKED_CODE,XDATA_ROM_C_FLASH> 1 (was BANKED_CODE)
  Relative segment, address: CODE 0003E045 - 0003E052 (0xe bytes), align: 0
  Segment part 103.           Intra module refs:   rxOutEP
    -------------------------------------------------------------------------
<BANKED_CODE,XDATA_ROM_C_FLASH> 1 (was BANKED_CODE)
  Relative segment, address: CODE 0003E053 - 0003E05E (0xc bytes), align: 0
  Segment part 104.           Intra module refs:   execCBW
                                                   rxOutEP
    -------------------------------------------------------------------------
<BANKED_CODE,XDATA_ROM_C_FLASH> 1 (was BANKED_CODE)
  Relative segment, address: CODE 0003E05F - 0003E062 (0x4 bytes), align: 0
  Segment part 105.           Intra module refs:   fakeOpPrep
    -------------------------------------------------------------------------
<BANKED_CODE,XDATA_ROM_C_FLASH> 1 (was BANKED_CODE)
  Relative segment, address: CODE 0003E063 - 0003E065 (0x3 bytes), align: 0
  Segment part 106.           Intra module refs:   Segment part 105
                                                   fakeOpPrep
    -------------------------------------------------------------------------
<BANKED_CODE,XDATA_ROM_C_FLASH> 1 (was BANKED_CODE)
  Relative segment, address: CODE 0003E066 - 0003E06A (0x5 bytes), align: 0
  Segment part 107.           Intra module refs:   Segment part 106
                                                   fillPgBuf
                                                   rxOutEP
    -------------------------------------------------------------------------
<BANKED_CODE,XDATA_ROM_C_FLASH> 1 (was BANKED_CODE)
  Relative segment, address: CODE 0003E06B - 0003E078 (0xe bytes), align: 0
  Segment part 108.           Intra module refs:   execCBW
                                                   rxOutEP
    -------------------------------------------------------------------------
<BANKED_CODE,XDATA_ROM_C_FLASH> 1 (was BANKED_CODE)
  Relative segment, address: CODE 0003E079 - 0003E08B (0x13 bytes), align: 0
  Segment part 109.           Intra module refs:   fillPgBuf
                                                   rxOutEP
    -------------------------------------------------------------------------
<BANKED_CODE,XDATA_ROM_C_FLASH> 1 (was BANKED_CODE)
  Relative segment, address: CODE 0003E08C - 0003E09D (0x12 bytes), align: 0
  Segment part 110.           Intra module refs:   fillPgBuf
                                                   rxOutEP
    -------------------------------------------------------------------------
<BANKED_CODE,XDATA_ROM_C_FLASH> 1 (was BANKED_CODE)
  Relative segment, address: CODE 0003E09E - 0003E0B1 (0x14 bytes), align: 0
  Segment part 111.           Intra module refs:   execCBW
                                                   rxOutEP
    -------------------------------------------------------------------------
<BANKED_CODE,XDATA_ROM_C_FLASH> 1 (was BANKED_CODE)
  Relative segment, address: CODE 0003E0B2 - 0003E0B4 (0x3 bytes), align: 0
  Segment part 112.           Intra module refs:   rxOutEP
    -------------------------------------------------------------------------
<BANKED_CODE,XDATA_ROM_C_FLASH> 1 (was BANKED_CODE)
  Relative segment, address: CODE 0003E0B5 - 0003E0BC (0x8 bytes), align: 0
  Segment part 113.           Intra module refs:   Segment part 112
                                                   sbcCmdReadWrite10
    -------------------------------------------------------------------------
<BANKED_CODE,XDATA_ROM_C_FLASH> 1 (was BANKED_CODE)
  Relative segment, address: CODE 0003E0BD - 0003E1C9 (0x10d bytes), align: 0
  Segment part 114.           Intra module refs:   sbcCmdReadWrite10::?relay
           LOCAL                   ADDRESS         
           =====                   =======         
           sbcCmdReadWrite10       0003E0BD 
               calls direct
               XSTACK = 00000024 ( 0000000E )
               ISTACK = 00000000 ( 00000001 )
    -------------------------------------------------------------------------
<BANKED_CODE,XDATA_ROM_C_FLASH> 1 (was BANKED_CODE)
  Relative segment, address: CODE 0003E1CA - 0003E1D2 (0x9 bytes), align: 0
  Segment part 116.           Intra module refs:   execCBWCB
                                                   sbcCmdReadWrite10
    -------------------------------------------------------------------------
<BANKED_CODE,XDATA_ROM_C_FLASH> 1 (was BANKED_CODE)
  Relative segment, address: CODE 0003E1D3 - 0003E1EB (0x19 bytes), align: 0
  Segment part 117.           Intra module refs:   execCBWCB
                                                   sbcCmdReadWrite10
    -------------------------------------------------------------------------
<XDATA_ROM_C> 1 (was XDATA_ROM_C)
  Relative segment, address: CONST 0000C121 - 0000C121 (0x1 bytes), align: 0
  Segment part 51.            Intra module refs:   usbcrHookProcessIn
    -------------------------------------------------------------------------
<BANKED_CODE,XDATA_ROM_C_FLASH> 1 (was BANKED_CODE)
  Relative segment, address: CODE 0003E1EC - 0003E1ED (0x2 bytes), align: 0
  Segment part 118.           Intra module refs:   usbcrHookProcessOut::?relay
           ENTRY                   ADDRESS         REF BY
           =====                   =======         ======
           usbcrHookProcessOut     0003E1EC 
               is indirectly called
               ISTACK = 00000000 ( 00000002 )
    -------------------------------------------------------------------------
<BANKED_CODE,XDATA_ROM_C_FLASH> 1 (was BANKED_CODE)
  Relative segment, address: CODE 0003E1EE - 0003E222 (0x35 bytes), align: 0
  Segment part 120.           Intra module refs:   usbcrHookProcessIn::?relay
           ENTRY                   ADDRESS         REF BY
           =====                   =======         ======
           usbcrHookProcessIn      0003E1EE 
               is indirectly called
               ISTACK = 00000000 ( 00000002 )
    -------------------------------------------------------------------------
<BANKED_CODE,XDATA_ROM_C_FLASH> 1 (was BANKED_CODE)
  Relative segment, address: CODE 0003E223 - 0003E224 (0x2 bytes), align: 0
  Segment part 122.           Intra module refs:   initDMA
    -------------------------------------------------------------------------
<BANKED_CODE,XDATA_ROM_C_FLASH> 1 (was BANKED_CODE)
  Relative segment, address: CODE 0003E225 - 0003E22A (0x6 bytes), align: 0
  Segment part 123.           Intra module refs:   Segment part 122
                                                   execCBWCB
                                                   usb_msd_init
                                                   usbcrHookProcessIn
    -------------------------------------------------------------------------
<BANKED_CODE,XDATA_ROM_C_FLASH> 1 (was BANKED_CODE)
  Relative segment, address: CODE 0003E22B - 0003E22C (0x2 bytes), align: 0
  Segment part 124.           Intra module refs:   usbvrHookProcessOut::?relay
           ENTRY                   ADDRESS         REF BY
           =====                   =======         ======
           usbvrHookProcessOut     0003E22B 
               is indirectly called
               ISTACK = 00000000 ( 00000002 )
    -------------------------------------------------------------------------
<BANKED_CODE,XDATA_ROM_C_FLASH> 1 (was BANKED_CODE)
  Relative segment, address: CODE 0003E22D - 0003E22E (0x2 bytes), align: 0
  Segment part 126.           Intra module refs:   usbvrHookProcessIn::?relay
           ENTRY                   ADDRESS         REF BY
           =====                   =======         ======
           usbvrHookProcessIn      0003E22D 
               is indirectly called
               ISTACK = 00000000 ( 00000002 )
    -------------------------------------------------------------------------
<BANKED_CODE,XDATA_ROM_C_FLASH> 1 (was BANKED_CODE)
  Relative segment, address: CODE 0003E22F, align: 0
  Segment part 132.           Intra module refs:   usbsrHookClearFeature::?relay
           ENTRY                   ADDRESS         REF BY
           =====                   =======         ======
           usbsrHookClearFeature   0003E22F 
               ISTACK = 00000000 ( 00000002 )
    -------------------------------------------------------------------------
<BANKED_CODE,XDATA_ROM_C_FLASH> 1 (was BANKED_CODE)
  Relative segment, address: CODE 0003E22F - 0003E237 (0x9 bytes), align: 0
  Segment part 134.           Intra module refs:   usbcrHookProcessOut
                                                   usbsrHookClearFeature
                                                   usbsrHookSetFeature
                                                   usbvrHookProcessIn
                                                   usbvrHookProcessOut
    -------------------------------------------------------------------------
<BANKED_CODE,XDATA_ROM_C_FLASH> 1 (was BANKED_CODE)
  Relative segment, address: CODE 0003E238 - 0003E238 (0x1 bytes), align: 0
  Segment part 135.           Intra module refs:   Segment part 134
                                                   initDMA
    -------------------------------------------------------------------------
<BANKED_CODE,XDATA_ROM_C_FLASH> 1 (was BANKED_CODE)
  Relative segment, address: CODE 0003E239 - 0003E23F (0x7 bytes), align: 0
  Segment part 136.           Intra module refs:   Segment part 135
                                                   usb_msd_uninit
                                                   usbcrHookProcessIn
    -------------------------------------------------------------------------
<BANKED_CODE,XDATA_ROM_C_FLASH> 1 (was BANKED_CODE)
  Relative segment, address: CODE 0003E240 - 0003E241 (0x2 bytes), align: 0
  Segment part 137.           Intra module refs:   usbsrHookSetFeature::?relay
           ENTRY                   ADDRESS         REF BY
           =====                   =======         ======
           usbsrHookSetFeature     0003E240 
               ISTACK = 00000000 ( 00000002 )
    -------------------------------------------------------------------------
<BANKED_CODE,XDATA_ROM_C_FLASH> 1 (was BANKED_CODE)
  Relative segment, address: CODE 0003E242 - 0003E244 (0x3 bytes), align: 0
  Segment part 141.           Intra module refs:   usbsrHookProcessEvent::?relay
           ENTRY                   ADDRESS         REF BY
           =====                   =======         ======
           usbsrHookProcessEvent   0003E242 
    -------------------------------------------------------------------------
<BANKED_CODE,XDATA_ROM_C_FLASH> 1 (was BANKED_CODE)
  Relative segment, address: CODE 0003E245 - 0003E247 (0x3 bytes), align: 0
  Segment part 143.           Intra module refs:   usbirqHookProcessEvents::?relay
           ENTRY                   ADDRESS         REF BY
           =====                   =======         ======
           usbirqHookProcessEvents
                                   0003E245 
    -------------------------------------------------------------------------
XDATA_ID
  Relative segment, address: CODE 0000008E - 00000099 (0xc bytes), align: 0
  Segment part 26.            Intra module refs:   usbDescriptorMarker
    -------------------------------------------------------------------------
XDATA_ID
  Relative segment, address: CODE 0000009A - 000000D7 (0x3e bytes), align: 0
  Segment part 31.            Intra module refs:   Segment part 30
    -------------------------------------------------------------------------
<BANKED_CODE,BANK_RELAYS..> 1 (was BANK_RELAYS)
  Relative segment, address: CODE 000005AE - 000005B3 (0x6 bytes), align: 0
  Segment part 54.
           ENTRY                   ADDRESS         REF BY
           =====                   =======         ======
           usb_msd_init::?relay    000005AE        ublInit (ubl_exec)
    -------------------------------------------------------------------------
<BANKED_CODE,BANK_RELAYS..> 1 (was BANK_RELAYS)
  Relative segment, address: CODE 000005B4 - 000005B9 (0x6 bytes), align: 0
  Segment part 56.
           ENTRY                   ADDRESS         REF BY
           =====                   =======         ======
           usb_msd_poll::?relay    000005B4        ublExec (ubl_exec)
    -------------------------------------------------------------------------
<BANKED_CODE,BANK_RELAYS..> 1 (was BANK_RELAYS)
  Relative segment, address: CODE 000005BA - 000005BF (0x6 bytes), align: 0
  Segment part 59.
           ENTRY                   ADDRESS         REF BY
           =====                   =======         ======
           usb_msd_uninit::?relay
                                   000005BA        ublExec (ubl_exec)
    -------------------------------------------------------------------------
<BANKED_CODE,BANK_RELAYS..> 1 (was BANK_RELAYS)
  Relative segment, address: CODE 000005C0 - 000005C5 (0x6 bytes), align: 0
  Segment part 61.            Intra module refs:   pollOutEP
           LOCAL                   ADDRESS         
           =====                   =======         
           execCBW::?relay         000005C0 
    -------------------------------------------------------------------------
<BANKED_CODE,BANK_RELAYS..> 1 (was BANK_RELAYS)
  Relative segment, address: CODE 000005C6 - 000005CB (0x6 bytes), align: 0
  Segment part 63.            Intra module refs:   execCBW
           LOCAL                   ADDRESS         
           =====                   =======         
           execCBWCB::?relay       000005C6 
    -------------------------------------------------------------------------
<BANKED_CODE,BANK_RELAYS..> 1 (was BANK_RELAYS)
  Relative segment, address: CODE 000005CC - 000005D1 (0x6 bytes), align: 0
  Segment part 66.            Intra module refs:   fillPgBuf
           LOCAL                   ADDRESS         
           =====                   =======         
           fakePgBuf::?relay       000005CC 
    -------------------------------------------------------------------------
<BANKED_CODE,BANK_RELAYS..> 1 (was BANK_RELAYS)
  Relative segment, address: CODE 000005D2 - 000005D7 (0x6 bytes), align: 0
  Segment part 70.            Intra module refs:   execCBW
                                                   sbcCmdReadWrite10
           LOCAL                   ADDRESS         
           =====                   =======         
           fillPgBuf::?relay       000005D2 
    -------------------------------------------------------------------------
<BANKED_CODE,BANK_RELAYS..> 1 (was BANK_RELAYS)
  Relative segment, address: CODE 000005D8 - 000005DD (0x6 bytes), align: 0
  Segment part 74.            Intra module refs:   rxOutEP
           LOCAL                   ADDRESS         
           =====                   =======         
           fakeOpPrep::?relay      000005D8 
    -------------------------------------------------------------------------
<BANKED_CODE,BANK_RELAYS..> 1 (was BANK_RELAYS)
  Relative segment, address: CODE 000005DE - 000005E3 (0x6 bytes), align: 0
  Segment part 90.            Intra module refs:   execCBWCB
           LOCAL                   ADDRESS         
           =====                   =======         
           fakeOpExec::?relay      000005DE 
    -------------------------------------------------------------------------
<BANKED_CODE,BANK_RELAYS..> 1 (was BANK_RELAYS)
  Relative segment, address: CODE 000005E4 - 000005E9 (0x6 bytes), align: 0
  Segment part 95.            Intra module refs:   usb_msd_init
           LOCAL                   ADDRESS         
           =====                   =======         
           initDMA::?relay         000005E4 
    -------------------------------------------------------------------------
<BANKED_CODE,BANK_RELAYS..> 1 (was BANK_RELAYS)
  Relative segment, address: CODE 000005EA - 000005EF (0x6 bytes), align: 0
  Segment part 98.            Intra module refs:   fakeOpExec
           LOCAL                   ADDRESS         
           =====                   =======         
           pollDelay::?relay       000005EA 
    -------------------------------------------------------------------------
<BANKED_CODE,BANK_RELAYS..> 1 (was BANK_RELAYS)
  Relative segment, address: CODE 000005F0 - 000005F5 (0x6 bytes), align: 0
  Segment part 100.           Intra module refs:   usb_msd_poll
           LOCAL                   ADDRESS         
           =====                   =======         
           pollOutEP::?relay       000005F0 
    -------------------------------------------------------------------------
<BANKED_CODE,BANK_RELAYS..> 1 (was BANK_RELAYS)
  Relative segment, address: CODE 000005F6 - 000005FB (0x6 bytes), align: 0
  Segment part 102.           Intra module refs:   execCBW
           LOCAL                   ADDRESS         
           =====                   =======         
           rxOutEP::?relay         000005F6 
    -------------------------------------------------------------------------
<BANKED_CODE,BANK_RELAYS..> 1 (was BANK_RELAYS)
  Relative segment, address: CODE 000005FC - 00000601 (0x6 bytes), align: 0
  Segment part 115.           Intra module refs:   execCBWCB
           LOCAL                   ADDRESS         
           =====                   =======         
           sbcCmdReadWrite10::?relay
                                   000005FC 
    -------------------------------------------------------------------------
<BANKED_CODE,BANK_RELAYS..> 1 (was BANK_RELAYS)
  Relative segment, address: CODE 00000602 - 00000607 (0x6 bytes), align: 0
  Segment part 119.
           ENTRY                   ADDRESS         REF BY
           =====                   =======         ======
           usbcrHookProcessOut::?relay
                                   00000602        usbfwSetupHandler (ubl_exec)
    -------------------------------------------------------------------------
<BANKED_CODE,BANK_RELAYS..> 1 (was BANK_RELAYS)
  Relative segment, address: CODE 00000608 - 0000060D (0x6 bytes), align: 0
  Segment part 121.
           ENTRY                   ADDRESS         REF BY
           =====                   =======         ======
           usbcrHookProcessIn::?relay
                                   00000608        usbfwSetupHandler (ubl_exec)
    -------------------------------------------------------------------------
<BANKED_CODE,BANK_RELAYS..> 1 (was BANK_RELAYS)
  Relative segment, address: CODE 0000060E - 00000613 (0x6 bytes), align: 0
  Segment part 125.
           ENTRY                   ADDRESS         REF BY
           =====                   =======         ======
           usbvrHookProcessOut::?relay
                                   0000060E        usbfwSetupHandler (ubl_exec)
    -------------------------------------------------------------------------
<BANKED_CODE,BANK_RELAYS..> 1 (was BANK_RELAYS)
  Relative segment, address: CODE 00000614 - 00000619 (0x6 bytes), align: 0
  Segment part 127.
           ENTRY                   ADDRESS         REF BY
           =====                   =======         ======
           usbvrHookProcessIn::?relay
                                   00000614        usbfwSetupHandler (ubl_exec)
    -------------------------------------------------------------------------
<BANKED_CODE,BANK_RELAYS..> 1 (was BANK_RELAYS)
  Relative segment, address: CODE 0000061A - 0000061F (0x6 bytes), align: 0
  Segment part 133.
           ENTRY                   ADDRESS         REF BY
           =====                   =======         ======
           usbsrHookClearFeature::?relay
                                   0000061A        usbsrClearFeature (ubl_exec)
    -------------------------------------------------------------------------
<BANKED_CODE,BANK_RELAYS..> 1 (was BANK_RELAYS)
  Relative segment, address: CODE 00000620 - 00000625 (0x6 bytes), align: 0
  Segment part 138.
           ENTRY                   ADDRESS         REF BY
           =====                   =======         ======
           usbsrHookSetFeature::?relay
                                   00000620        usbsrSetFeature (ubl_exec)
    -------------------------------------------------------------------------
<BANKED_CODE,BANK_RELAYS..> 1 (was BANK_RELAYS)
  Relative segment, address: CODE 00000626 - 0000062B (0x6 bytes), align: 0
  Segment part 142.
           ENTRY                   ADDRESS         REF BY
           =====                   =======         ======
           usbsrHookProcessEvent::?relay
                                   00000626        ChangeFeature (ubl_exec)
                                                   usbsrSetConfiguration (ubl_exec)
                                                   usbsrSetInterface (ubl_exec)
    -------------------------------------------------------------------------
<BANKED_CODE,BANK_RELAYS..> 1 (was BANK_RELAYS)
  Relative segment, address: CODE 0000062C - 00000631 (0x6 bytes), align: 0
  Segment part 144.
           ENTRY                   ADDRESS         REF BY
           =====                   =======         ======
           usbirqHookProcessEvents::?relay
                                   0000062C        usbirqHandler (ubl_exec)
    -------------------------------------------------------------------------
<XDATA_ROM_C> 1 (was XDATA_ROM_C)
  Relative segment, address: CONST 0000C108 - 0000C10B (0x4 bytes), align: 0
  Segment part 19.            Intra module refs:   fakeOpPrep
    -------------------------------------------------------------------------
<XDATA_ROM_C> 1 (was XDATA_ROM_C)
  Relative segment, address: CONST 0000C100 - 0000C103 (0x4 bytes), align: 0
  Segment part 20.            Intra module refs:   fakeOpPrep
    -------------------------------------------------------------------------
<XDATA_ROM_C> 1 (was XDATA_ROM_C)
  Relative segment, address: CONST 0000C0F8 - 0000C0FB (0x4 bytes), align: 0
  Segment part 21.            Intra module refs:   execCBWCB
    -------------------------------------------------------------------------
<XDATA_ROM_C> 1 (was XDATA_ROM_C)
  Relative segment, address: CONST 0000C120 - 0000C120 (0x1 bytes), align: 0
  Segment part 22.            Intra module refs:   execCBWCB
    -------------------------------------------------------------------------
<XDATA_ROM_C> 1 (was XDATA_ROM_C)
  Relative segment, address: CONST 0000C0F0 - 0000C0F7 (0x8 bytes), align: 0
  Segment part 23.            Intra module refs:   execCBWCB
    -------------------------------------------------------------------------
<XDATA_ROM_C> 1 (was XDATA_ROM_C)
  Relative segment, address: CONST 0000C0DC - 0000C0E7 (0xc bytes), align: 0
  Segment part 24.            Intra module refs:   execCBWCB
    -------------------------------------------------------------------------
<XDATA_ROM_C> 1 (was XDATA_ROM_C)
  Relative segment, address: CONST 0000C0FC - 0000C0FF (0x4 bytes), align: 0
  Segment part 52.            Intra module refs:   execCBW
           ENTRY                   ADDRESS         REF BY
           =====                   =======         ======
           __Constant_0            0000C0FC 
    -------------------------------------------------------------------------
<BANKED_CODE,XDATA_ROM_C_FLASH> 1 (was XDATA_ROM_C_FLASH)
  Relative segment, address: CODE 0003C118 - 0003C11B (0x4 bytes), align: 0
  Segment part 145.           Intra module refs:   Segment part 27
    -------------------------------------------------------------------------
<BANKED_CODE,XDATA_ROM_C_FLASH> 1 (was XDATA_ROM_C_FLASH)
  Relative segment, address: CODE 0003C114 - 0003C117 (0x4 bytes), align: 0
  Segment part 146.           Intra module refs:   Segment part 28
    -------------------------------------------------------------------------
<BANKED_CODE,XDATA_ROM_C_FLASH> 1 (was XDATA_ROM_C_FLASH)
  Relative segment, address: CODE 0003C048 - 0003C06B (0x24 bytes), align: 0
  Segment part 147.           Intra module refs:   Segment part 29
    -------------------------------------------------------------------------
<BANKED_CODE,XDATA_ROM_C_FLASH> 1 (was XDATA_ROM_C_FLASH)
  Relative segment, address: CODE 0003C0AC - 0003C0CB (0x20 bytes), align: 0
  Segment part 148.           Intra module refs:   Segment part 32
    -------------------------------------------------------------------------
<BANKED_CODE,XDATA_ROM_C_FLASH> 1 (was XDATA_ROM_C_FLASH)
  Relative segment, address: CODE 0003C06C - 0003C08B (0x20 bytes), align: 0
  Segment part 149.           Intra module refs:   Segment part 33
    -------------------------------------------------------------------------
<BANKED_CODE,XDATA_ROM_C_FLASH> 1 (was XDATA_ROM_C_FLASH)
  Relative segment, address: CODE 0003C121 - 0003C121 (0x1 bytes), align: 0
  Segment part 150.           Intra module refs:   Segment part 51
    -------------------------------------------------------------------------
<BANKED_CODE,XDATA_ROM_C_FLASH> 1 (was XDATA_ROM_C_FLASH)
  Relative segment, address: CODE 0003C108 - 0003C10B (0x4 bytes), align: 0
  Segment part 151.           Intra module refs:   Segment part 19
    -------------------------------------------------------------------------
<BANKED_CODE,XDATA_ROM_C_FLASH> 1 (was XDATA_ROM_C_FLASH)
  Relative segment, address: CODE 0003C100 - 0003C103 (0x4 bytes), align: 0
  Segment part 152.           Intra module refs:   Segment part 20
    -------------------------------------------------------------------------
<BANKED_CODE,XDATA_ROM_C_FLASH> 1 (was XDATA_ROM_C_FLASH)
  Relative segment, address: CODE 0003C0F8 - 0003C0FB (0x4 bytes), align: 0
  Segment part 153.           Intra module refs:   Segment part 21
    -------------------------------------------------------------------------
<BANKED_CODE,XDATA_ROM_C_FLASH> 1 (was XDATA_ROM_C_FLASH)
  Relative segment, address: CODE 0003C120 - 0003C120 (0x1 bytes), align: 0
  Segment part 154.           Intra module refs:   Segment part 22
    -------------------------------------------------------------------------
<BANKED_CODE,XDATA_ROM_C_FLASH> 1 (was XDATA_ROM_C_FLASH)
  Relative segment, address: CODE 0003C0F0 - 0003C0F7 (0x8 bytes), align: 0
  Segment part 155.           Intra module refs:   Segment part 23
    -------------------------------------------------------------------------
<BANKED_CODE,XDATA_ROM_C_FLASH> 1 (was XDATA_ROM_C_FLASH)
  Relative segment, address: CODE 0003C0DC - 0003C0E7 (0xc bytes), align: 0
  Segment part 156.           Intra module refs:   Segment part 24
    -------------------------------------------------------------------------
<BANKED_CODE,XDATA_ROM_C_FLASH> 1 (was XDATA_ROM_C_FLASH)
  Relative segment, address: CODE 0003C0FC - 0003C0FF (0x4 bytes), align: 0
  Segment part 157.           Intra module refs:   __Constant_0

    -------------------------------------------------------------------------
  LIBRARY MODULE, NAME : usb_descriptor

  SEGMENTS IN THE MODULE
  ======================
<BANKED_CODE,BANK_RELAYS..> 1 (was RCODE)
  Relative segment, address: CODE 000003B1 - 000003E6 (0x36 bytes), align: 0
  Segment part 0. ROOT.
           ENTRY                   ADDRESS         REF BY
           =====                   =======         ======
           usbDescStart            000003B1        Segment part 26 (usb_firmware_library_config)
           usbDescEnd              000003E3        Segment part 26 (usb_firmware_library_config)
           usbDescLut              000003E3        Segment part 26 (usb_firmware_library_config)
           usbDescLutEnd           000003E3        Segment part 26 (usb_firmware_library_config)
           usbDblbufLut            000003E3        Segment part 26 (usb_firmware_library_config)
           usbDblbufLutEnd         000003E7        Segment part 26 (usb_firmware_library_config)

    *************************************************************************

  FILE NAME : C:\Texas Instruments\BLE-CC254x-1.4.0\Projects\ble\util\UBL\soc_8051\usb_msd\iar\CC2540-DK\Obj\hal_flash.r51
    *************************************************************************

  FILE NAME : C:\Texas Instruments\BLE-CC254x-1.4.0\Projects\ble\util\UBL\soc_8051\usb_msd\iar\CC2540-DK\Obj\ubl_exec.r51
  PROGRAM MODULE, NAME : ubl_exec

  SEGMENTS IN THE MODULE
  ======================
SFR_AN
  Relative segment, address: DATA 0000008B - 0000008B (0x1 bytes), align: 0
  Segment part 1. ROOT.       Intra module refs:   usbirqHandler
                                                   usbirqInit
           ENTRY                   ADDRESS         REF BY
           =====                   =======         ======
           P2IFG                   0000008B 
    -------------------------------------------------------------------------
SFR_AN
  Relative segment, address: DATA 00000095 - 00000095 (0x1 bytes), align: 0
  Segment part 2. ROOT.       Intra module refs:   ublExec
                                                   ublInit
           ENTRY                   ADDRESS         REF BY
           =====                   =======         ======
           ST0                     00000095 
    -------------------------------------------------------------------------
SFR_AN
  Relative segment, address: DATA 00000096 - 00000096 (0x1 bytes), align: 0
  Segment part 3. ROOT.       Intra module refs:   ublExec
                                                   ublInit
           ENTRY                   ADDRESS         REF BY
           =====                   =======         ======
           ST1                     00000096 
    -------------------------------------------------------------------------
SFR_AN
  Relative segment, address: DATA 00000097 - 00000097 (0x1 bytes), align: 0
  Segment part 4. ROOT.       Intra module refs:   ublExec
                                                   ublInit
           ENTRY                   ADDRESS         REF BY
           =====                   =======         ======
           ST2                     00000097 
    -------------------------------------------------------------------------
SFR_AN
  Relative segment, address: DATA 0000009A - 0000009A (0x1 bytes), align: 0
  Segment part 5. ROOT.       Intra module refs:   __low_level_init
                                                   usb_msd_uninit (usb_firmware_library_config)
           ENTRY                   ADDRESS         REF BY
           =====                   =======         ======
           IEN2                    0000009A 
    -------------------------------------------------------------------------
SFR_AN
  Relative segment, address: DATA 0000009D - 0000009D (0x1 bytes), align: 0
  Segment part 6. ROOT.       Intra module refs:   __low_level_init
                                                   usbirqHandler
           ENTRY                   ADDRESS         REF BY
           =====                   =======         ======
           SLEEPSTA                0000009D 
    -------------------------------------------------------------------------
SFR_AN
  Relative segment, address: DATA 000000A8 - 000000A8 (0x1 bytes), align: 0
  Segment part 7. ROOT.       Intra module refs:   HalFlashRead
                                                   __low_level_init
                                                   fakeOpExec (usb_firmware_library_config)
                                                   main
                                                   rxOutEP (usb_firmware_library_config)
                                                   ublCfg
                                                   ublJump
           ENTRY                   ADDRESS         REF BY
           =====                   =======         ======
           _A_IEN0                 000000A8 
           LOCAL                   ADDRESS         
           =====                   =======         
           IEN0                    000000A8 
    -------------------------------------------------------------------------
SFR_AN
  Relative segment, address: DATA 000000B4 - 000000B4 (0x1 bytes), align: 0
  Segment part 8. ROOT.       Intra module refs:   __low_level_init
                                                   ublInit
           ENTRY                   ADDRESS         REF BY
           =====                   =======         ======
           ADCCON1                 000000B4 
    -------------------------------------------------------------------------
SFR_AN
  Relative segment, address: DATA 000000B6 - 000000B6 (0x1 bytes), align: 0
  Segment part 9. ROOT.       Intra module refs:   __low_level_init
                                                   ublInit
           ENTRY                   ADDRESS         REF BY
           =====                   =======         ======
           ADCCON3                 000000B6 
    -------------------------------------------------------------------------
SFR_AN
  Relative segment, address: DATA 000000B8 - 000000B8 (0x1 bytes), align: 0
  Segment part 10. ROOT.      Intra module refs:   __low_level_init
           ENTRY                   ADDRESS         REF BY
           =====                   =======         ======
           _A_IEN1                 000000B8 
           LOCAL                   ADDRESS         
           =====                   =======         
           IEN1                    000000B8 
    -------------------------------------------------------------------------
SFR_AN
  Relative segment, address: DATA 000000BB - 000000BB (0x1 bytes), align: 0
  Segment part 11. ROOT.      Intra module refs:   __low_level_init
                                                   ublInit
           ENTRY                   ADDRESS         REF BY
           =====                   =======         ======
           ADCH                    000000BB 
    -------------------------------------------------------------------------
SFR_AN
  Relative segment, address: DATA 000000C6 - 000000C6 (0x1 bytes), align: 0
  Segment part 12. ROOT.      Intra module refs:   __low_level_init
           ENTRY                   ADDRESS         REF BY
           =====                   =======         ======
           CLKCONCMD               000000C6 
    -------------------------------------------------------------------------
SFR_AN
  Relative segment, address: DATA 000000C7 - 000000C7 (0x1 bytes), align: 0
  Segment part 13. ROOT.      Intra module refs:   HalFlashRead
                                                   __low_level_init
                                                   fillPgBuf (usb_firmware_library_config)
                                                   rxOutEP (usb_firmware_library_config)
           ENTRY                   ADDRESS         REF BY
           =====                   =======         ======
           MEMCTR                  000000C7 
    -------------------------------------------------------------------------
SFR_AN
  Relative segment, address: DATA 000000C9 - 000000C9 (0x1 bytes), align: 0
  Segment part 14. ROOT.      Intra module refs:   fakeOpExec (usb_firmware_library_config)
                                                   main
                                                   rxOutEP (usb_firmware_library_config)
                                                   ublCfg
                                                   ublJump
           ENTRY                   ADDRESS         REF BY
           =====                   =======         ======
           WDCTL                   000000C9 
    -------------------------------------------------------------------------
SFR_AN
  Relative segment, address: DATA 000000D1 - 000000D1 (0x1 bytes), align: 0
  Segment part 15. ROOT.      Intra module refs:   HalFlashWrite
           ENTRY                   ADDRESS         REF BY
           =====                   =======         ======
           DMAIRQ                  000000D1 
    -------------------------------------------------------------------------
SFR_AN
  Relative segment, address: DATA 000000D4 - 000000D4 (0x1 bytes), align: 0
  Segment part 16. ROOT.      Intra module refs:   main
           ENTRY                   ADDRESS         REF BY
           =====                   =======         ======
           DMA0CFGL                000000D4 
    -------------------------------------------------------------------------
SFR_AN
  Relative segment, address: DATA 000000D5 - 000000D5 (0x1 bytes), align: 0
  Segment part 17. ROOT.      Intra module refs:   main
           ENTRY                   ADDRESS         REF BY
           =====                   =======         ======
           DMA0CFGH                000000D5 
    -------------------------------------------------------------------------
SFR_AN
  Relative segment, address: DATA 000000D6 - 000000D6 (0x1 bytes), align: 0
  Segment part 18. ROOT.      Intra module refs:   HalFlashWrite
                                                   execCBW (usb_firmware_library_config)
                                                   fillPgBuf (usb_firmware_library_config)
                                                   rxOutEP (usb_firmware_library_config)
           ENTRY                   ADDRESS         REF BY
           =====                   =======         ======
           DMAARM                  000000D6 
    -------------------------------------------------------------------------
SFR_AN
  Relative segment, address: DATA 000000E8 - 000000E8 (0x1 bytes), align: 0
  Segment part 19. ROOT.      Intra module refs:   usb_msd_poll (usb_firmware_library_config)
                                                   usbirqHandler
                                                   usbirqInit
           ENTRY                   ADDRESS         REF BY
           =====                   =======         ======
           _A_IRCON2               000000E8 
           LOCAL                   ADDRESS         
           =====                   =======         
           IRCON2                  000000E8 
    -------------------------------------------------------------------------
SFR_AN
  Relative segment, address: DATA 000000F7 - 000000F7 (0x1 bytes), align: 0
  Segment part 20. ROOT.      Intra module refs:   gpioInit
           ENTRY                   ADDRESS         REF BY
           =====                   =======         ======
           P2INP                   000000F7 
    -------------------------------------------------------------------------
<XDATA_ROM_C> 1 (was XDATA_ROM_C)
  Relative segment, address: CONST 0000C08C - 0000C0AB (0x20 bytes), align: 0
  Segment part 29.            Intra module refs:   ublInit
[...]
  LIBRARY MODULE, NAME : ?CALL_IND

  SEGMENTS IN THE MODULE
  ======================
<BANKED_CODE,BANK_RELAYS..> 1 (was RCODE)
  Relative segment, address: CODE 000005AC - 000005AD (0x2 bytes), align: 0
  Segment part 0.
           ENTRY                   ADDRESS         REF BY
           =====                   =======         ======
           ?CALL_IND               000005AC        usbfwSetupHandler (ubl_exec)

    -------------------------------------------------------------------------
  LIBRARY MODULE, NAME : ?BANKED_ENTER_XDATA

  SEGMENTS IN THE MODULE
  ======================
<BANKED_CODE,BANK_RELAYS..> 1 (was RCODE)
  Relative segment, address: CODE 000001F3 - 0000025E (0x6c bytes), align: 0
  Segment part 1.
           ENTRY                   ADDRESS         REF BY
           =====                   =======         ======
           ?BANKED_ENTER_XDATA     000001F3        ChangeFeature (ubl_exec)
                                                   ConfigureEndpoints (ubl_exec)
                                                   HalFlashRead (ubl_exec)
                                                   HalFlashWrite (ubl_exec)
                                                   execCBW (usb_firmware_library_config)
                                                   execCBWCB (usb_firmware_library_config)
                                                   fakeOpExec (usb_firmware_library_config)
                                                   fakeOpPrep (usb_firmware_library_config)
                                                   fakePgBuf (usb_firmware_library_config)
                                                   fillPgBuf (usb_firmware_library_config)
                                                   gpioInit (ubl_exec)
                                                   memcmp (?memcmp)
                                                   memcpy (?memcpy)
                                                   pollOutEP (usb_firmware_library_config)
                                                   rxOutEP (usb_firmware_library_config)
                                                   sbcCmdReadWrite10 (usb_firmware_library_config)
                                                   ublAesAuth (ubl_exec)
                                                   ublCfg (ubl_exec)
                                                   ublExec (ubl_exec)
                                                   ublInit (ubl_exec)
                                                   usb_msd_init (usb_firmware_library_config)
                                                   usb_msd_poll (usb_firmware_library_config)
                                                   usbdpGetConfigurationDesc (ubl_exec)
                                                   usbdpGetInterfaceDesc (ubl_exec)
                                                   usbdpGetStringDesc (ubl_exec)
                                                   usbfwReadFifo (ubl_exec)
                                                   usbfwSetAllEpStatus (ubl_exec)
                                                   usbfwSetupHandler (ubl_exec)
                                                   usbfwWriteFifo (ubl_exec)
                                                   usbirqHandler (ubl_exec)
                                                   usbirqInit (ubl_exec)
                                                   usbsrGetDescriptor (ubl_exec)
                                                   usbsrGetInterface (ubl_exec)
                                                   usbsrGetStatus (ubl_exec)
                                                   usbsrSetConfiguration (ubl_exec)
                                                   usbsrSetInterface (ubl_exec)

    -------------------------------------------------------------------------
  LIBRARY MODULE, NAME : ?FUNC_ENTER_XDATA

  SEGMENTS IN THE MODULE
  ======================
<BANKED_CODE,BANK_RELAYS..> 1 (was RCODE)
  Relative segment, address: CODE 000002C5 - 0000032A (0x66 bytes), align: 0
  Segment part 1.
           ENTRY                   ADDRESS         REF BY
           =====                   =======         ======
           ?FUNC_ENTER_XDATA       000002C5        __low_level_init (ubl_exec)

    -------------------------------------------------------------------------
  LIBRARY MODULE, NAME : ?BANKED_LEAVE_XDATA

  SEGMENTS IN THE MODULE
  ======================
<BANKED_CODE,BANK_RELAYS..> 1 (was RCODE)
  Relative segment, address: CODE 0000032B - 00000370 (0x46 bytes), align: 0
  Segment part 1.
           ENTRY                   ADDRESS         REF BY
           =====                   =======         ======
           ?BANKED_LEAVE_XDATA     0000032B        ?Subroutine2 (ubl_exec)
                                                   ConfigureEndpoints (ubl_exec)
                                                   Segment part 124 (ubl_exec)
                                                   Segment part 57 (usb_firmware_library_config)
                                                   Segment part 72 (usb_firmware_library_config)
                                                   Segment part 82 (ubl_exec)
                                                   memcmp (?memcmp)
                                                   memcpy (?memcpy)
                                                   ublInit (ubl_exec)
                                                   usbsrGetDescriptor (ubl_exec)

    -------------------------------------------------------------------------
  LIBRARY MODULE, NAME : ?FUNC_LEAVE_XDATA

  SEGMENTS IN THE MODULE
  ======================
<BANKED_CODE,BANK_RELAYS..> 1 (was RCODE)
  Relative segment, address: CODE 00000371 - 000003B0 (0x40 bytes), align: 0
  Segment part 1.
           ENTRY                   ADDRESS         REF BY
           =====                   =======         ======
           ?FUNC_LEAVE_XDATA       00000371        __low_level_init (ubl_exec)

    -------------------------------------------------------------------------
  LIBRARY MODULE, NAME : ?PUSH_XSTACK_I

  SEGMENTS IN THE MODULE
  ======================
<BANKED_CODE,BANK_RELAYS..> 1 (was RCODE)
  Relative segment, address: CODE 000004ED - 000004F0 (0x4 bytes), align: 0
  Segment part 1.
           ENTRY                   ADDRESS         REF BY
           =====                   =======         ======
           ?PUSH_XSTACK_I_THREE    000004ED        execCBWCB (usb_firmware_library_config)
                                                   usb_msd_poll (usb_firmware_library_config)
                                                   usbfwSetupHandler (ubl_exec)
    -------------------------------------------------------------------------
<BANKED_CODE,BANK_RELAYS..> 1 (was RCODE)
  Relative segment, address: CODE 000004F1 - 000004F4 (0x4 bytes), align: 0
  Segment part 2.
           ENTRY                   ADDRESS         REF BY
           =====                   =======         ======
           ?PUSH_XSTACK_I_TWO      000004F1        __low_level_init (ubl_exec)
                                                   execCBW (usb_firmware_library_config)
                                                   fakeOpExec (usb_firmware_library_config)
                                                   fakeOpPrep (usb_firmware_library_config)
                                                   fakePgBuf (usb_firmware_library_config)
                                                   pollOutEP (usb_firmware_library_config)
                                                   rxOutEP (usb_firmware_library_config)
                                                   ublAesAuth (ubl_exec)
                                                   ublCfg (ubl_exec)
                                                   ublInit (ubl_exec)
                                                   usb_msd_init (usb_firmware_library_config)
    -------------------------------------------------------------------------
<BANKED_CODE,BANK_RELAYS..> 1 (was RCODE)
  Relative segment, address: CODE 000004F5 - 00000501 (0xd bytes), align: 0
  Segment part 4.             Intra module refs:   ?PUSH_XSTACK_I_THREE
                                                   ?PUSH_XSTACK_I_TWO
           ENTRY                   ADDRESS         REF BY
           =====                   =======         ======
           ?PUSH_XSTACK_I          000004F5 

    -------------------------------------------------------------------------
  LIBRARY MODULE, NAME : ?PUSH_XSTACK8_X

  SEGMENTS IN THE MODULE
  ======================
<BANKED_CODE,BANK_RELAYS..> 1 (was RCODE)
  Relative segment, address: CODE 000003E7 - 000003EA (0x4 bytes), align: 0
  Segment part 2.
           ENTRY                   ADDRESS         REF BY
           =====                   =======         ======
           ?PUSH_XSTACK8_X_THREE   000003E7        usbfwSetupHandler (ubl_exec)
    -------------------------------------------------------------------------
<BANKED_CODE,BANK_RELAYS..> 1 (was RCODE)
  Relative segment, address: CODE 000003EB - 00000413 (0x29 bytes), align: 0
  Segment part 5.             Intra module refs:   ?PUSH_XSTACK8_X_THREE
           ENTRY                   ADDRESS         REF BY
           =====                   =======         ======
           ?PUSH_XSTACK8_X         000003EB 

    -------------------------------------------------------------------------
  LIBRARY MODULE, NAME : ?memcmp

  SEGMENTS IN THE MODULE
  ======================
<BANKED_CODE,BANK_RELAYS..> 1 (was BANKED_CODE)
  Relative segment, address: CODE 00000710 - 00000761 (0x52 bytes), align: 0
  Segment part 6.             Intra module refs:   memcmp::?relay
           ENTRY                   ADDRESS         REF BY
           =====                   =======         ======
           memcmp                  00000710 
               XSTACK = 00000002 ( 0000000C )
    -------------------------------------------------------------------------
<BANKED_CODE,BANK_RELAYS..> 1 (was BANK_RELAYS)
  Relative segment, address: CODE 000006FE - 00000703 (0x6 bytes), align: 0
  Segment part 7.
           ENTRY                   ADDRESS         REF BY
           =====                   =======         ======
           memcmp::?relay          000006FE        Segment part 85 (usb_firmware_library_config)
                                                   ublCfg (ubl_exec)
                                                   ublInit (ubl_exec)

    -------------------------------------------------------------------------
  LIBRARY MODULE, NAME : ?memcpy

  SEGMENTS IN THE MODULE
  ======================
<BANKED_CODE,BANK_RELAYS..> 1 (was BANKED_CODE)
  Relative segment, address: CODE 00000762 - 000007A7 (0x46 bytes), align: 0
  Segment part 6.             Intra module refs:   memcpy::?relay
           ENTRY                   ADDRESS         REF BY
           =====                   =======         ======
           memcpy                  00000762 
               XSTACK = 00000002 ( 0000000A )
               ISTACK = 00000000 ( 00000001 )
    -------------------------------------------------------------------------
<BANKED_CODE,BANK_RELAYS..> 1 (was BANK_RELAYS)
  Relative segment, address: CODE 00000704 - 00000709 (0x6 bytes), align: 0
  Segment part 7.
           ENTRY                   ADDRESS         REF BY
           =====                   =======         ======
           memcpy::?relay          00000704        Segment part 79 (usb_firmware_library_config)
                                                   ublCfg (ubl_exec)

    -------------------------------------------------------------------------
  LIBRARY MODULE, NAME : ?memset

  SEGMENTS IN THE MODULE
  ======================
<BANKED_CODE,BANK_RELAYS..> 1 (was BANKED_CODE)
  Relative segment, address: CODE 000007A8 - 000007D3 (0x2c bytes), align: 0
  Segment part 6.             Intra module refs:   memset::?relay
           ENTRY                   ADDRESS         REF BY
           =====                   =======         ======
           memset                  000007A8 
               XSTACK = 00000002 ( 00000000 )
               ISTACK = 00000000 ( 00000002 )
    -------------------------------------------------------------------------
<BANKED_CODE,BANK_RELAYS..> 1 (was BANK_RELAYS)
  Relative segment, address: CODE 0000070A - 0000070F (0x6 bytes), align: 0
  Segment part 7.
           ENTRY                   ADDRESS         REF BY
           =====                   =======         ======
           memset::?relay          0000070A        Segment part 93 (usb_firmware_library_config)

    *************************************************************************

  DEFINED ABSOLUTE ENTRIES
  PROGRAM MODULE, NAME : ?FILLER_BYTES

  SEGMENTS IN THE MODULE
  ======================
INTVEC
  Common segment, address: CODE 00000000 - 0000008D (0x8e bytes), align: 0
  Segment part 2.
    -------------------------------------------------------------------------
?FILL2
  Relative segment, address: CODE 0003E248 - 0003E7FF (0x5b8 bytes), align: 0
  Segment part 1.
    -------------------------------------------------------------------------
?FILL1
  Relative segment, address: CODE 000007D4 - 000007FF (0x2c bytes), align: 0
  Segment part 0.




                ****************************************
                *                                      *
                *            MODULE SUMMARY            *
                *                                      *
                ****************************************

Module                         CODE      DATA      XDATA  IDATA    BIT  CONST
------                         ----      ----      -----  -----    ---  -----
                              (Rel)  (Rel)  (Abs)  (Rel)  (Rel)  (Rel)  (Rel)
?ADD_XSTACK_DISP8                27
?ALLOC_XSTACK8                   22
?BANKED_CODE_SUPPORT             30
?BANKED_ENTER_XDATA             108
?BANKED_LEAVE_XDATA              70
?CALL_IND                         2
?C_GPTR_LOAD                     26
?C_GPTR_STORE                    22
?DEALLOC_XSTACK8                 26
?FILLER_BYTES                 1 508
  + common                      142
?FUNC_ENTER_XDATA               102
?FUNC_LEAVE_XDATA                64
?L_MOV_TO_X                      15
?L_MOV_X                         15
?L_SHL                           31
?L_SUB_FROM_X                    20
?MOVE_LONG8_XDATA_IDATA          13
?MOVE_LONG8_XDATA_XDATA          33
?PUSH_XSTACK8_X                  45
?PUSH_XSTACK_I                   21
?S_SHL                           19
?UL_DIV_MOD                     112
?UL_GT_X                         16
?US_SHR                          15
?XLOAD_R2345                     12
?XSTACK_DISP8                    10
?XSTORE_R2345                    12
?cexit                            5
?cmain                          102
?memcmp                          88
?memcpy                          76
?memset                          50
CSTARTUP                         18
  + common                        3
VIRTUAL_REGISTERS                        2                           8
ubl_exec                      5 264      7     14  2 246                  146
  + shared                                      6
ubl_ivec
  + common                      142
usb_descriptor                   54
usb_firmware_library_config   4 093             7  2 521                  146
N/A (command line)                      24           768    192
N/A (alignment)
----------                   ------     --     --  -----    ---      -    ---
Total:                       12 146     33     27  5 535    192      8    292
  + common                      142


                ****************************************
                *                                      *
                *      SEGMENTS IN ADDRESS ORDER       *
                *                                      *
                ****************************************


SEGMENT              SPACE    START ADDRESS   END ADDRESS     SIZE  TYPE  ALIGN
=======              =====    =============   ===========     ====  ====  =====
INTVEC               CODE          00000000 - 0000008D          8E   com    1
IDATA_ID             CODE               0000008E                     dse    0
DATA_ID              CODE               0000008E                     dse    0
BDATA_ID             CODE               0000008E                     dse    0
BIT_ID               CODE               0000008E                     dse    0
IXDATA_ID            CODE               0000008E                     dse    0
PDATA_ID             CODE               0000008E                     dse    0
XDATA_ID             CODE          0000008E - 00000101          74   rel    0
<BANKED_CODE,BANK_RELAYS..> 1
                     CODE          00000102 - 000007D3         6D2   rel    0
?FILL1               CODE          000007D4 - 000007FF          2C   rel    0
<BANKED_CODE,XDATA_ROM_C_FLASH> 1
                     CODE          0003C000 - 0003E247        2248   rel    0
?FILL2               CODE          0003E248 - 0003E7FF         5B8   rel    0
REGISTERS            DATA          00000000 - 00000007           8   rel    0
VREG                 DATA          00000008 - 00000017          10   rel    0
PSP                  DATA               00000018                     dse    0
XSP                  DATA          00000018 - 00000019           2   rel    0
DATA_I               DATA               0000001A                     dse    0
BREG                 BIT        00000020.0  -  00000020.7        8   rel    0
DATA_Z               DATA          00000021 - 00000027           7   rel    0
SFR_AN               DATA          0000008B - 0000008B           1   rel    0
                     DATA          00000090 - 00000090           1 
                     DATA          00000095 - 00000097           3 
                     DATA          0000009A - 0000009A           1 
                     DATA          0000009D - 0000009D           1 
                     DATA          000000A8 - 000000A8           1 
                     DATA          000000AC - 000000AC           1 
                     DATA          000000B4 - 000000B4           1 
                     DATA          000000B6 - 000000B6           1 
                     DATA          000000B8 - 000000B8           1 
                     DATA          000000BB - 000000BB           1 
                     DATA          000000C6 - 000000C7           2 
                     DATA          000000C9 - 000000C9           1 
                     DATA          000000D1 - 000000D7           7 
                     DATA          000000E8 - 000000E8           1 
                     DATA          000000F4 - 000000F4           1 
                     DATA          000000F7 - 000000F7           1 
                     DATA          000000FE - 000000FE           1 
XSTACK               XDATA         00000000 - 000002FF         300   rel    0
XDATA_Z              XDATA         00000300 - 00000328          29   rel    0
XDATA_I              XDATA         00000329 - 0000039C          74   rel    0
<XDATA_N> 1          XDATA         0000039D - 0000159E        1202   rel    0
<XDATA_ROM_C> 1      CONST         0000C000 - 0000C123         124   rel    0
ISTACK               IDATA         00000040 - 000000FF          C0   rel    0

                ****************************************
                *                                      *
                *        END OF CROSS REFERENCE        *
                *                                      *
                ****************************************

 10 780 bytes of CODE  memory (+             1 508 range fill )
     33 bytes of DATA  memory (+ 27 absolute )
  5 535 bytes of XDATA memory
    192 bytes of IDATA memory
      8 bits  of BIT   memory
    292 bytes of CONST memory

Errors: none
Warnings: none

